======================================================================
TESTING NOTEBOOK IMPORTS
======================================================================

Python path configured:
  - Notebook dir: E:\DOWNLOADS\KaggleInteli\notebooks
  - Parent dir: E:\DOWNLOADS\KaggleInteli
  - sys.path[0]: E:\DOWNLOADS\KaggleInteli

1. Testing standard library imports...
python : Traceback (most recent call last):
At line:1 char:1
+ python test_notebook_imports.py 2>&1 | Out-File -FilePath 
test_output ...
+ ~~~~~~~~~~~~~~~~~~~~~~~~~~~~~~~~~~~~
    + CategoryInfo          : NotSpecified: (Traceback (most r 
   ecent call last)::String) [], RemoteException
    + FullyQualifiedErrorId : NativeCommandError
 
  File "E:\DOWNLOADS\KaggleInteli\test_notebook_imports.py", 
line 29, in <module>
    print("   \u2713 All standard libraries imported 
successfully")
  File "C:\Program Files\WindowsApps\PythonSoftwareFoundation.P
ython.3.12_3.12.2800.0_x64__qbz5n2kfra8p0\Lib\encodings\cp1252.
py", line 19, in encode
    return 
codecs.charmap_encode(input,self.errors,encoding_table)[0]
           
^^^^^^^^^^^^^^^^^^^^^^^^^^^^^^^^^^^^^^^^^^^^^^^^^^^^^^^
UnicodeEncodeError: 'charmap' codec can't encode character 
'\u2713' in position 3: character maps to <undefined>

During handling of the above exception, another exception 
occurred:

Traceback (most recent call last):
  File "E:\DOWNLOADS\KaggleInteli\test_notebook_imports.py", 
line 35, in <module>
    print(f"   \u2717 Error importing standard libraries: {e}")
  File "C:\Program Files\WindowsApps\PythonSoftwareFoundation.P
ython.3.12_3.12.2800.0_x64__qbz5n2kfra8p0\Lib\encodings\cp1252.
py", line 19, in encode
    return 
codecs.charmap_encode(input,self.errors,encoding_table)[0]
           
^^^^^^^^^^^^^^^^^^^^^^^^^^^^^^^^^^^^^^^^^^^^^^^^^^^^^^^
UnicodeEncodeError: 'charmap' codec can't encode character 
'\u2717' in position 3: character maps to <undefined>
